// Jest Snapshot v1, https://goo.gl/fbAQLP

exports[`Logo renders correctly 1`] = `
<a
  aria-current="page"
  className="active"
  href="/"
  onClick={[Function]}
  style={
    Object {
      "fontWeight": "bold",
    }
  }
>
  <span
    className="logo"
  />
</a>
`;
